// Jest Snapshot v1, https://goo.gl/fbAQLP

exports[`Renders Button Component renders correctly 1`] = `
<DocumentFragment>
  <button
    class="button btn-blue w-100"
    data-testid="button"
  >
     Sort Questions
  </button>
</DocumentFragment>
`;
