// Jest Snapshot v1, https://goo.gl/fbAQLP

exports[`Renders TextInput Component renders correctly 1`] = `
<DocumentFragment>
  <label
    class="form-label"
  >
    Question
  </label>
  <input
    data-testid="text"
    type="text"
  />
</DocumentFragment>
`;
