// Jest Snapshot v1, https://goo.gl/fbAQLP

exports[`Renders TextArea Component renders correctly 1`] = `
<DocumentFragment>
  <label
    class="form-label"
  >
    Answer
  </label>
  <textarea />
</DocumentFragment>
`;
