// Jest Snapshot v1, https://goo.gl/fbAQLP

exports[`Renders Button Component renders correctly 1`] = `
<DocumentFragment>
  <button
    class="question-btn"
    data-testid="button"
  >
     Edit
  </button>
</DocumentFragment>
`;
