// Jest Snapshot v1, https://goo.gl/fbAQLP

exports[`Renders CheckBox Component renders correctly 1`] = `
<Fragment>
  <label
    className="form-label"
  >
    <input
      type="checkbox"
    />
     
    Delay entry by 5 seconds
  </label>
</Fragment>
`;
